Microsoft Windows [Version 10.0.19045.4474]
(c) Microsoft Corporation. All rights reserved.

C:\Users\N24002>git init
Initialized empty Git repository in C:/Users/N24002/.git/

C:\Users\N24002>rm -rf .git
'rm' は、内部コマンドまたは外部コマンド、
操作可能なプログラムまたはバッチ ファイルとして認識されていません。

C:\Users\N24002>rmdir /S /Q .git

C:\Users\N24002>cd GitHub_workspace
指定されたパスが見つかりません。

C:\Users\N24002>cd C:\Users\N24002\Desktop/GitHub_workspace

C:\Users\N24002\Desktop\GitHub_workspace>ls
'ls' は、内部コマンドまたは外部コマンド、
操作可能なプログラムまたはバッチ ファイルとして認識されていません。

C:\Users\N24002\Desktop\GitHub_workspace>dir
 ドライブ C のボリューム ラベルは Windows  です
 ボリューム シリアル番号は 3016-8D15 です

 C:\Users\N24002\Desktop\GitHub_workspace のディレクトリ

2024/07/04  15:19    <DIR>          .
2024/07/04  15:19    <DIR>          ..
2024/07/04  13:44                20 test.txt
2024/07/04  13:44                20 test2.txt
               2 個のファイル                  40 バイト
               2 個のディレクトリ  403,212,849,152 バイトの空き領域

C:\Users\N24002\Desktop\GitHub_workspace>dir /a
 ドライブ C のボリューム ラベルは Windows  です
 ボリューム シリアル番号は 3016-8D15 です

 C:\Users\N24002\Desktop\GitHub_workspace のディレクトリ

2024/07/04  15:19    <DIR>          .
2024/07/04  15:19    <DIR>          ..
2024/07/04  15:25    <DIR>          .git
2024/07/04  13:44                20 test.txt
2024/07/04  13:44                20 test2.txt
               2 個のファイル                  40 バイト
               3 個のディレクトリ  403,205,988,352 バイトの空き領域

C:\Users\N24002\Desktop\GitHub_workspace>git fetch

C:\Users\N24002\Desktop\GitHub_workspace>git pull
Already up to date.

C:\Users\N24002\Desktop\GitHub_workspace>git diff
diff --git a/test.txt b/test.txt
index b024f9e..9fc31bc 100644
--- a/test.txt
+++ b/test.txt
@@ -1,2 +1 @@
-テスト
 テスト
\ No newline at end of file

C:\Users\N24002\Desktop\GitHub_workspace>git add
Nothing specified, nothing added.
hint: Maybe you wanted to say 'git add .'?
hint: Disable this message with "git config advice.addEmptyPathspec false"

C:\Users\N24002\Desktop\GitHub_workspace>git add .

C:\Users\N24002\Desktop\GitHub_workspace>git commit
Aborting commit due to empty commit message.

C:\Users\N24002\Desktop\GitHub_workspace>git add test.txt

C:\Users\N24002\Desktop\GitHub_workspace>git commit
[master 0651f6e] test
 1 file changed, 1 deletion(-)

C:\Users\N24002\Desktop\GitHub_workspace>git add test2.txt

C:\Users\N24002\Desktop\GitHub_workspace>git commit
On branch master
Your branch is ahead of 'origin/master' by 4 commits.
  (use "git push" to publish your local commits)

nothing to commit, working tree clean

C:\Users\N24002\Desktop\GitHub_workspace>git reset

C:\Users\N24002\Desktop\GitHub_workspace>git atatus
git: 'atatus' is not a git command. See 'git --help'.

The most similar command is
        status

C:\Users\N24002\Desktop\GitHub_workspace>git status
On branch master
Your branch is ahead of 'origin/master' by 4 commits.
  (use "git push" to publish your local commits)

nothing to commit, working tree clean

C:\Users\N24002\Desktop\GitHub_workspace>git reset --hard HEAD~4
HEAD is now at 836ad81 initial commit

C:\Users\N24002\Desktop\GitHub_workspace>git status
On branch master
Your branch is up to date with 'origin/master'.

nothing to commit, working tree clean

C:\Users\N24002\Desktop\GitHub_workspace>git log
commit 836ad81965542868a36e12ed41f65f9bc029999a (HEAD -> master, origin/master)
Author: Itamochi-GitHub <nyfx5038@gmail.com>
Date:   Thu Jul 4 13:44:56 2024 +0900

    initial commit

C:\Users\N24002\Desktop\GitHub_workspace>git add test2.txt
fatal: pathspec 'test2.txt' did not match any files

C:\Users\N24002\Desktop\GitHub_workspace>git add test2.txt

C:\Users\N24002\Desktop\GitHub_workspace>git commit
[master 524a2f5] initial commit
 1 file changed, 2 insertions(+)
 create mode 100644 test2.txt

C:\Users\N24002\Desktop\GitHub_workspace>git push
Enumerating objects: 3, done.
Counting objects: 100% (3/3), done.
Delta compression using up to 12 threads
Compressing objects: 100% (2/2), done.
Writing objects: 100% (2/2), 244 bytes | 244.00 KiB/s, done.
Total 2 (delta 0), reused 0 (delta 0), pack-reused 0 (from 0)
To https://github.com/Itamochi-GitHub/test.git
   836ad81..524a2f5  master -> master

C:\Users\N24002\Desktop\GitHub_workspace>git add test.txt

C:\Users\N24002\Desktop\GitHub_workspace>git commit
[master 742c663] second commit
 1 file changed, 1 deletion(-)

C:\Users\N24002\Desktop\GitHub_workspace>git push
Enumerating objects: 5, done.
Counting objects: 100% (5/5), done.
Delta compression using up to 12 threads
Compressing objects: 100% (2/2), done.
Writing objects: 100% (3/3), 282 bytes | 282.00 KiB/s, done.
Total 3 (delta 0), reused 0 (delta 0), pack-reused 0 (from 0)
To https://github.com/Itamochi-GitHub/test.git
   524a2f5..742c663  master -> master

C:\Users\N24002\Desktop\GitHub_workspace>git diff

C:\Users\N24002\Desktop\GitHub_workspace>git diff test.txt

C:\Users\N24002\Desktop\GitHub_workspace>git fetch
remote: Enumerating objects: 5, done.
remote: Counting objects: 100% (5/5), done.
remote: Compressing objects: 100% (2/2), done.
remote: Total 3 (delta 0), reused 0 (delta 0), pack-reused 0
Unpacking objects: 100% (3/3), 939 bytes | 134.00 KiB/s, done.
From https://github.com/Itamochi-GitHub/test
   742c663..70988fd  master     -> origin/master

C:\Users\N24002\Desktop\GitHub_workspace>git diff origin/master
diff --git a/test.txt b/test.txt
index e922181..9fc31bc 100644
--- a/test.txt
+++ b/test.txt
@@ -1,2 +1 @@
-テスト
-変更
+テスト
\ No newline at end of file

C:\Users\N24002\Desktop\GitHub_workspace>git pull origin/master
fatal: 'origin/master' does not appear to be a git repository
fatal: Could not read from remote repository.

Please make sure you have the correct access rights
and the repository exists.

C:\Users\N24002\Desktop\GitHub_workspace>git remote -v
origin  https://github.com/Itamochi-GitHub/test.git (fetch)
origin  https://github.com/Itamochi-GitHub/test.git (push)

C:\Users\N24002\Desktop\GitHub_workspace>git branch -r
  origin/master
C:\Users\N24002\Desktop\GitHub_workspace>git fetch origin

C:\Users\N24002\Desktop\GitHub_workspace>
C:\Users\N24002\Desktop\GitHub_workspace>git diff origin/master
diff --git a/test.txt b/test.txt
index e922181..9fc31bc 100644
--- a/test.txt
+++ b/test.txt
@@ -1,2 +1 @@
-テスト
-変更
+テスト
\ No newline at end of file

C:\Users\N24002\Desktop\GitHub_workspace>git fetch origin

C:\Users\N24002\Desktop\GitHub_workspace>git status
On branch master
Your branch is behind 'origin/master' by 1 commit, and can be fast-forwarded.
  (use "git pull" to update your local branch)

nothing to commit, working tree clean

C:\Users\N24002\Desktop\GitHub_workspace>git pull origin master
From https://github.com/Itamochi-GitHub/test
 * branch            master     -> FETCH_HEAD
Updating 742c663..70988fd
Fast-forward
 test.txt | 3 ++-
 1 file changed, 2 insertions(+), 1 deletion(-)